// Jest Snapshot v1, https://goo.gl/fbAQLP

exports[`renders ListArticle html 1`] = `
<ul
  className="list-group"
>
  <li
    className="list-group-item"
  >
    <div
      className="row"
    >
      <div
        className="col-3"
      >
        <button
          className="btn btn-secondary"
          onClick={[Function]}
          type="button"
        >
          Supp
        </button>
      </div>
      <div
        className="col-3"
      >
        <img
          alt="Zidane"
          className="img-fluid"
          src="https://www.foot01.com/img/images/650x600/2018/Jan/20/benzema-revient-zidane-recupere-l-arme-fatale-du-real-zidane-16,207169.jpg"
        />
      </div>
      <div
        className="col-3"
      >
        <h3>
          Zidane
        </h3>
      </div>
      <div
        className="col-3"
      >
        <p>
          45
           €
        </p>
      </div>
    </div>
  </li>
  <li
    className="list-group-item"
  >
    <div
      className="row"
    >
      <div
        className="col-3"
      >
        <button
          className="btn btn-secondary"
          onClick={[Function]}
          type="button"
        >
          Supp
        </button>
      </div>
      <div
        className="col-3"
      >
        <img
          alt="Leboeuf"
          className="img-fluid"
          src="https://www.foot01.com/img/images/650x600/2018/Jan/20/benzema-revient-zidane-recupere-l-arme-fatale-du-real-zidane-16,207169.jpg"
        />
      </div>
      <div
        className="col-3"
      >
        <h3>
          Leboeuf
        </h3>
      </div>
      <div
        className="col-3"
      >
        <p>
          45
           €
        </p>
      </div>
    </div>
  </li>
  <li
    className="list-group-item"
  >
    <div
      className="row"
    >
      <div
        className="col-3"
      >
        <button
          className="btn btn-secondary"
          onClick={[Function]}
          type="button"
        >
          Supp
        </button>
      </div>
      <div
        className="col-3"
      >
        <img
          alt="Pires"
          className="img-fluid"
          src="https://www.foot01.com/img/images/650x600/2018/Jan/20/benzema-revient-zidane-recupere-l-arme-fatale-du-real-zidane-16,207169.jpg"
        />
      </div>
      <div
        className="col-3"
      >
        <h3>
          Pires
        </h3>
      </div>
      <div
        className="col-3"
      >
        <p>
          45
           €
        </p>
      </div>
    </div>
  </li>
  <li
    className="list-group-item"
  >
    <div
      className="row"
    >
      <div
        className="col-3"
      >
        <button
          className="btn btn-secondary"
          onClick={[Function]}
          type="button"
        >
          Supp
        </button>
      </div>
      <div
        className="col-3"
      >
        <img
          alt="Karembeu"
          className="img-fluid"
          src="https://www.foot01.com/img/images/650x600/2018/Jan/20/benzema-revient-zidane-recupere-l-arme-fatale-du-real-zidane-16,207169.jpg"
        />
      </div>
      <div
        className="col-3"
      >
        <h3>
          Karembeu
        </h3>
      </div>
      <div
        className="col-3"
      >
        <p>
          45
           €
        </p>
      </div>
    </div>
  </li>
</ul>
`;
